Copyright 1986-2020 Xilinx, Inc. All Rights Reserved.
------------------------------------------------------------------------------------
| Tool Version : Vivado v.2020.2 (win64) Build 3064766 Wed Nov 18 09:12:45 MST 2020
| Date         : Sun Jan  7 17:57:49 2024
| Host         : LAPTOP-QH3O2QNP running 64-bit major release  (build 9200)
| Command      : report_control_sets -verbose -file top_control_sets_placed.rpt
| Design       : top
| Device       : xc7a35t
------------------------------------------------------------------------------------

Control Set Information

Table of Contents
-----------------
1. Summary
2. Histogram
3. Flip-Flop Distribution
4. Detailed Control Set Information

1. Summary
----------

+----------------------------------------------------------+-------+
|                          Status                          | Count |
+----------------------------------------------------------+-------+
| Total control sets                                       |    13 |
|    Minimum number of control sets                        |    13 |
|    Addition due to synthesis replication                 |     0 |
|    Addition due to physical synthesis replication        |     0 |
| Unused register locations in slices containing registers |    57 |
+----------------------------------------------------------+-------+
* Control sets can be merged at opt_design using control_set_merge or merge_equivalent_drivers
** Run report_qor_suggestions for automated merging and remapping suggestions


2. Histogram
------------

+--------------------+-------+
|       Fanout       | Count |
+--------------------+-------+
| Total control sets |    13 |
| >= 0 to < 4        |     2 |
| >= 4 to < 6        |     1 |
| >= 6 to < 8        |     0 |
| >= 8 to < 10       |     2 |
| >= 10 to < 12      |     6 |
| >= 12 to < 14      |     0 |
| >= 14 to < 16      |     0 |
| >= 16              |     2 |
+--------------------+-------+
* Control sets can be remapped at either synth_design or opt_design


3. Flip-Flop Distribution
-------------------------

+--------------+-----------------------+------------------------+-----------------+--------------+
| Clock Enable | Synchronous Set/Reset | Asynchronous Set/Reset | Total Registers | Total Slices |
+--------------+-----------------------+------------------------+-----------------+--------------+
| No           | No                    | No                     |              43 |           18 |
| No           | No                    | Yes                    |              75 |           29 |
| No           | Yes                   | No                     |              12 |            5 |
| Yes          | No                    | No                     |               0 |            0 |
| Yes          | No                    | Yes                    |              43 |           13 |
| Yes          | Yes                   | No                     |              10 |            3 |
+--------------+-----------------------+------------------------+-----------------+--------------+


4. Detailed Control Set Information
-----------------------------------

+-----------------------------+---------------------------------------------------+-------------------------------+------------------+----------------+--------------+
|         Clock Signal        |                   Enable Signal                   |        Set/Reset Signal       | Slice Load Count | Bel Load Count | Bels / Slice |
+-----------------------------+---------------------------------------------------+-------------------------------+------------------+----------------+--------------+
|  clk_wiz_0_inst/out_BUFG[0] |                                                   | rst_IBUF                      |                2 |              2 |         1.00 |
|  clk_IBUF_BUFG              | key_de/inst/inst/lock_status0                     | rst_IBUF                      |                1 |              2 |         2.00 |
|  clk_IBUF_BUFG              | key_de/inst/inst/Ps2Interface_i/bits_count        | rst_IBUF                      |                3 |              4 |         1.33 |
|  clk_IBUF_BUFG              | key_de/inst/inst/Ps2Interface_i/rx_finish         | rst_IBUF                      |                3 |              8 |         2.67 |
|  clk_IBUF_BUFG              | key_de/inst/inst/Ps2Interface_i/rx_valid          | rst_IBUF                      |                1 |              8 |         8.00 |
|  clk_wiz_0_inst/out_BUFG[0] |                                                   |                               |                7 |             10 |         1.43 |
|  clk_wiz_0_inst/out_BUFG[0] |                                                   | vga_inst/pixel_cnt[9]_i_1_n_0 |                3 |             10 |         3.33 |
|  clk_wiz_0_inst/out_BUFG[0] | vga_inst/line_cnt                                 | vga_inst/line_cnt[9]_i_1_n_0  |                3 |             10 |         3.33 |
|  clk_IBUF_BUFG              | key_de/next_key                                   | rst_IBUF                      |                3 |             10 |         3.33 |
|  clk_wiz_0_inst/out_BUFG[1] |                                                   | rst_IBUF                      |                6 |             11 |         1.83 |
|  clk_IBUF_BUFG              | key_de/inst/inst/Ps2Interface_i/frame[10]_i_1_n_0 | rst_IBUF                      |                2 |             11 |         5.50 |
|  clk_IBUF_BUFG              |                                                   |                               |               11 |             33 |         3.00 |
|  clk_IBUF_BUFG              |                                                   | rst_IBUF                      |               23 |             64 |         2.78 |
+-----------------------------+---------------------------------------------------+-------------------------------+------------------+----------------+--------------+


